---
source: tests/parse.rs
expression: ast
---
[
    (
        List(
            [
                (
                    Identifier(
                        "fn",
                    ),
                    SimpleSpan {
                        start: 180,
                        end: 182,
                        context: (),
                    },
                ),
                (
                    List(
                        [
                            (
                                Identifier(
                                    "main",
                                ),
                                SimpleSpan {
                                    start: 184,
                                    end: 188,
                                    context: (),
                                },
                            ),
                        ],
                    ),
                    SimpleSpan {
                        start: 183,
                        end: 189,
                        context: (),
                    },
                ),
                (
                    List(
                        [
                            (
                                Identifier(
                                    "let",
                                ),
                                SimpleSpan {
                                    start: 193,
                                    end: 196,
                                    context: (),
                                },
                            ),
                            (
                                Identifier(
                                    "x",
                                ),
                                SimpleSpan {
                                    start: 197,
                                    end: 198,
                                    context: (),
                                },
                            ),
                            (
                                Number(
                                    10,
                                ),
                                SimpleSpan {
                                    start: 199,
                                    end: 201,
                                    context: (),
                                },
                            ),
                        ],
                    ),
                    SimpleSpan {
                        start: 192,
                        end: 202,
                        context: (),
                    },
                ),
                (
                    List(
                        [
                            (
                                Identifier(
                                    "print_line",
                                ),
                                SimpleSpan {
                                    start: 206,
                                    end: 216,
                                    context: (),
                                },
                            ),
                            (
                                Identifier(
                                    "x",
                                ),
                                SimpleSpan {
                                    start: 217,
                                    end: 218,
                                    context: (),
                                },
                            ),
                        ],
                    ),
                    SimpleSpan {
                        start: 205,
                        end: 219,
                        context: (),
                    },
                ),
            ],
        ),
        SimpleSpan {
            start: 179,
            end: 220,
            context: (),
        },
    ),
]
