---
source: tests/parse.rs
expression: hir
---
HirProgram {
    [salsa id]: Id(1400),
    functions: {
        "main": HirFunction {
            [salsa id]: Id(1000),
            name: "main",
            params: [],
            body: [
                HirExpr {
                    [salsa id]: Id(c00),
                    expr: Builtin {
                        name: "print_line",
                        args: [
                            (
                                String(
                                    "Hello, Tribute!",
                                ),
                                SimpleSpan {
                                    start: 272,
                                    end: 289,
                                    context: (),
                                },
                            ),
                        ],
                    },
                    span: SimpleSpan {
                        start: 260,
                        end: 290,
                        context: (),
                    },
                },
                HirExpr {
                    [salsa id]: Id(c01),
                    expr: Builtin {
                        name: "print_line",
                        args: [
                            (
                                Builtin {
                                    name: "+",
                                    args: [
                                        (
                                            Number(
                                                10,
                                            ),
                                            SimpleSpan {
                                                start: 308,
                                                end: 310,
                                                context: (),
                                            },
                                        ),
                                        (
                                            Number(
                                                5,
                                            ),
                                            SimpleSpan {
                                                start: 311,
                                                end: 312,
                                                context: (),
                                            },
                                        ),
                                    ],
                                },
                                SimpleSpan {
                                    start: 305,
                                    end: 313,
                                    context: (),
                                },
                            ),
                        ],
                    },
                    span: SimpleSpan {
                        start: 293,
                        end: 314,
                        context: (),
                    },
                },
                HirExpr {
                    [salsa id]: Id(c02),
                    expr: Builtin {
                        name: "*",
                        args: [
                            (
                                Number(
                                    6,
                                ),
                                SimpleSpan {
                                    start: 320,
                                    end: 321,
                                    context: (),
                                },
                            ),
                            (
                                Number(
                                    7,
                                ),
                                SimpleSpan {
                                    start: 322,
                                    end: 323,
                                    context: (),
                                },
                            ),
                        ],
                    },
                    span: SimpleSpan {
                        start: 317,
                        end: 324,
                        context: (),
                    },
                },
            ],
            span: SimpleSpan {
                start: 246,
                end: 325,
                context: (),
            },
        },
    },
    main: Some(
        "main",
    ),
}
