---
source: tests/parse.rs
expression: ast
---
[
    (
        List(
            [
                (
                    Identifier(
                        "fn",
                    ),
                    SimpleSpan {
                        start: 219,
                        end: 221,
                        context: (),
                    },
                ),
                (
                    List(
                        [
                            (
                                Identifier(
                                    "main",
                                ),
                                SimpleSpan {
                                    start: 223,
                                    end: 227,
                                    context: (),
                                },
                            ),
                        ],
                    ),
                    SimpleSpan {
                        start: 222,
                        end: 228,
                        context: (),
                    },
                ),
                (
                    List(
                        [
                            (
                                Identifier(
                                    "let",
                                ),
                                SimpleSpan {
                                    start: 232,
                                    end: 235,
                                    context: (),
                                },
                            ),
                            (
                                Identifier(
                                    "x",
                                ),
                                SimpleSpan {
                                    start: 236,
                                    end: 237,
                                    context: (),
                                },
                            ),
                            (
                                Number(
                                    10,
                                ),
                                SimpleSpan {
                                    start: 238,
                                    end: 240,
                                    context: (),
                                },
                            ),
                            (
                                List(
                                    [
                                        (
                                            Identifier(
                                                "let",
                                            ),
                                            SimpleSpan {
                                                start: 247,
                                                end: 250,
                                                context: (),
                                            },
                                        ),
                                        (
                                            Identifier(
                                                "y",
                                            ),
                                            SimpleSpan {
                                                start: 251,
                                                end: 252,
                                                context: (),
                                            },
                                        ),
                                        (
                                            Number(
                                                20,
                                            ),
                                            SimpleSpan {
                                                start: 253,
                                                end: 255,
                                                context: (),
                                            },
                                        ),
                                        (
                                            List(
                                                [
                                                    (
                                                        Identifier(
                                                            "let",
                                                        ),
                                                        SimpleSpan {
                                                            start: 263,
                                                            end: 266,
                                                            context: (),
                                                        },
                                                    ),
                                                    (
                                                        Identifier(
                                                            "sum",
                                                        ),
                                                        SimpleSpan {
                                                            start: 267,
                                                            end: 270,
                                                            context: (),
                                                        },
                                                    ),
                                                    (
                                                        List(
                                                            [
                                                                (
                                                                    Identifier(
                                                                        "+",
                                                                    ),
                                                                    SimpleSpan {
                                                                        start: 272,
                                                                        end: 273,
                                                                        context: (),
                                                                    },
                                                                ),
                                                                (
                                                                    Identifier(
                                                                        "x",
                                                                    ),
                                                                    SimpleSpan {
                                                                        start: 274,
                                                                        end: 275,
                                                                        context: (),
                                                                    },
                                                                ),
                                                                (
                                                                    Identifier(
                                                                        "y",
                                                                    ),
                                                                    SimpleSpan {
                                                                        start: 276,
                                                                        end: 277,
                                                                        context: (),
                                                                    },
                                                                ),
                                                            ],
                                                        ),
                                                        SimpleSpan {
                                                            start: 271,
                                                            end: 278,
                                                            context: (),
                                                        },
                                                    ),
                                                    (
                                                        List(
                                                            [
                                                                (
                                                                    Identifier(
                                                                        "print_line",
                                                                    ),
                                                                    SimpleSpan {
                                                                        start: 288,
                                                                        end: 298,
                                                                        context: (),
                                                                    },
                                                                ),
                                                                (
                                                                    String(
                                                                        "Testing advanced let bindings:",
                                                                    ),
                                                                    SimpleSpan {
                                                                        start: 299,
                                                                        end: 331,
                                                                        context: (),
                                                                    },
                                                                ),
                                                            ],
                                                        ),
                                                        SimpleSpan {
                                                            start: 287,
                                                            end: 332,
                                                            context: (),
                                                        },
                                                    ),
                                                    (
                                                        Identifier(
                                                            "sum",
                                                        ),
                                                        SimpleSpan {
                                                            start: 341,
                                                            end: 344,
                                                            context: (),
                                                        },
                                                    ),
                                                ],
                                            ),
                                            SimpleSpan {
                                                start: 262,
                                                end: 345,
                                                context: (),
                                            },
                                        ),
                                    ],
                                ),
                                SimpleSpan {
                                    start: 246,
                                    end: 346,
                                    context: (),
                                },
                            ),
                        ],
                    ),
                    SimpleSpan {
                        start: 231,
                        end: 347,
                        context: (),
                    },
                ),
            ],
        ),
        SimpleSpan {
            start: 218,
            end: 348,
            context: (),
        },
    ),
]
