---
source: tests/parse.rs
expression: hir
---
HirProgram {
    [salsa id]: Id(1800),
    functions: {
        "main": HirFunction {
            [salsa id]: Id(1400),
            name: "main",
            params: [],
            body: [
                HirExpr {
                    [salsa id]: Id(1000),
                    expr: Let {
                        var: "x",
                        value: (
                            Number(
                                10,
                            ),
                            SimpleSpan {
                                start: 210,
                                end: 212,
                                context: (),
                            },
                        ),
                    },
                    span: SimpleSpan {
                        start: 210,
                        end: 212,
                        context: (),
                    },
                },
                HirExpr {
                    [salsa id]: Id(1001),
                    expr: Let {
                        var: "y",
                        value: (
                            Number(
                                20,
                            ),
                            SimpleSpan {
                                start: 225,
                                end: 227,
                                context: (),
                            },
                        ),
                    },
                    span: SimpleSpan {
                        start: 225,
                        end: 227,
                        context: (),
                    },
                },
                HirExpr {
                    [salsa id]: Id(1002),
                    expr: Let {
                        var: "sum",
                        value: (
                            Call {
                                func: (
                                    Variable(
                                        "+",
                                    ),
                                    SimpleSpan {
                                        start: 242,
                                        end: 247,
                                        context: (),
                                    },
                                ),
                                args: [
                                    (
                                        Variable(
                                            "x",
                                        ),
                                        SimpleSpan {
                                            start: 242,
                                            end: 243,
                                            context: (),
                                        },
                                    ),
                                    (
                                        Variable(
                                            "y",
                                        ),
                                        SimpleSpan {
                                            start: 246,
                                            end: 247,
                                            context: (),
                                        },
                                    ),
                                ],
                            },
                            SimpleSpan {
                                start: 242,
                                end: 247,
                                context: (),
                            },
                        ),
                    },
                    span: SimpleSpan {
                        start: 242,
                        end: 247,
                        context: (),
                    },
                },
                HirExpr {
                    [salsa id]: Id(1003),
                    expr: Call {
                        func: (
                            Variable(
                                "print_line",
                            ),
                            SimpleSpan {
                                start: 252,
                                end: 296,
                                context: (),
                            },
                        ),
                        args: [
                            (
                                String(
                                    "Testing advanced let bindings:",
                                ),
                                SimpleSpan {
                                    start: 263,
                                    end: 295,
                                    context: (),
                                },
                            ),
                        ],
                    },
                    span: SimpleSpan {
                        start: 252,
                        end: 296,
                        context: (),
                    },
                },
                HirExpr {
                    [salsa id]: Id(1004),
                    expr: Variable(
                        "sum",
                    ),
                    span: SimpleSpan {
                        start: 301,
                        end: 304,
                        context: (),
                    },
                },
            ],
            span: SimpleSpan {
                start: 186,
                end: 306,
                context: (),
            },
        },
    },
    main: Some(
        "main",
    ),
}
